Executing command f: Success. Current position (1, 0). Facing S
Executing command l: Success. Current position (1, 0). Facing E
Executing command f: Success. Current position (2, 0). Facing E
Executing command l: Success. Current position (2, 0). Facing N
Executing command f: Coudln't execute command. Obstacle detected at (2, 1)
